* using log directory ‘/home/simonm/projects/datascience/eventstudy/EventStudy.Rcheck’
* using R version 4.6.1 (2026-06-24)
* using platform: x86_64-pc-linux-gnu
* R was compiled by
    gcc (GCC) 16.1.1 20260430
    GNU Fortran (GCC) 16.1.1 20260430
* running under: Manjaro Linux
* using session charset: UTF-8
* current time: 2026-09-05 21:45:12 UTC
* using options ‘--no-vignettes --as-cran’
* checking for file ‘EventStudy/DESCRIPTION’ ... OK
* checking extension type ... Package
* this is package ‘EventStudy’ version ‘0.62.0’
* package encoding: UTF-8
* checking CRAN incoming feasibility ... NOTE
Maintainer: ‘Simon Mueller <sm@data-zoo.de>’

New submission

Package was archived on CRAN

CRAN repository db overrides:
  X-CRAN-Comment: Archived on 2024-04-20 as issues were not corrected
    despite reminders.

Package has a VignetteBuilder field but no prebuilt vignette index.
* checking package namespace information ... OK
* checking package dependencies ... INFO
Packages suggested but not available for checking:
  'rugarch', 'rmgarch', 'did', 'DIDmultiplegt', 'didimputation', 'DT'
* checking if this is a source package ... OK
* checking if there is a namespace ... OK
* checking for executable files ... OK
* checking for hidden files and directories ... OK
* checking for portable file names ... OK
* checking for sufficient/correct file permissions ... OK
* checking whether package ‘EventStudy’ can be installed ... [12s/12s] OK
* checking installed package size ... OK
* checking package directory ... OK
* checking for future file timestamps ... OK
* checking DESCRIPTION meta-information ... OK
* checking top-level files ... OK
* checking for left-over files ... OK
* checking index information ... OK
* checking package subdirectories ... OK
* checking code files for non-ASCII characters ... OK
* checking R files for syntax errors ... OK
* checking whether the package can be loaded ... OK
* checking whether the package can be loaded with stated dependencies ... OK
* checking whether the package can be unloaded cleanly ... OK
* checking whether the namespace can be loaded with stated dependencies ... OK
* checking whether the namespace can be unloaded cleanly ... OK
* checking loading without being on the library search path ... OK
* checking use of S3 registration ... OK
* checking dependencies in R code ... OK
* checking S3 generic/method consistency ... OK
* checking replacement functions ... OK
* checking foreign function calls ... OK
* checking R code for possible problems ... NOTE
.aggregate_remainder : <anonymous>: no visible global function
  definition for ‘tail’
.aggregate_remainder: no visible global function definition for
  ‘median’
.extract_cross_sectional_signals : <anonymous>: no visible global
  function definition for ‘tail’
.extract_event_window_signals: no visible global function definition
  for ‘tail’
.rank_events_for_cap : <anonymous>: no visible global function
  definition for ‘tail’
print.es_diagnostics: no visible global function definition for
  ‘median’
Undefined global functions or variables:
  median tail
Consider adding
  importFrom("stats", "median")
  importFrom("utils", "tail")
to your NAMESPACE file.
* checking Rd files ... OK
* checking Rd metadata ... OK
* checking Rd line widths ... OK
* checking Rd cross-references ... OK
* checking for missing documentation entries ... OK
* checking for code/documentation mismatches ... OK
* checking Rd \usage sections ... OK
* checking Rd contents ... OK
* checking for unstated dependencies in examples ... OK
* checking contents of ‘data’ directory ... OK
* checking data for non-ASCII characters ... OK
* checking LazyData ... OK
* checking data for ASCII and uncompressed saves ... OK
* checking files in ‘vignettes’ ... WARNING
Files in the 'vignettes' directory but no files in 'inst/doc':
  ‘ai-advisor.Rmd’ ‘automated-reports.Rmd’
  ‘cross-sectional-analysis.Rmd’ ‘custom-models.Rmd’
  ‘custom-test-statistics.Rmd’ ‘data-download.Rmd’
  ‘diagnostics-validation.Rmd’ ‘factor-models-bhar.Rmd’ ‘gallery.Rmd’
  ‘inference-robustness.Rmd’ ‘intraday-event-study.Rmd’
  ‘introduction.Rmd’ ‘modern-did-estimators.Rmd’
  ‘panel-event-study.Rmd’ ‘result-extraction.Rmd’
  ‘simulation-power-analysis.Rmd’ ‘synthetic-control.Rmd’
  ‘time-varying-models.Rmd’ ‘volume-volatility-event-study.Rmd’
* checking examples ... OK
* checking examples with --run-donttest ... OK
* checking for unstated dependencies in ‘tests’ ... OK
* checking tests ... [37s/38s] OK
  Running ‘testthat.R’ [37s/38s]
* checking for unstated dependencies in vignettes ... OK
* checking package vignettes ... WARNING
Directory 'inst/doc' does not exist.
Package vignettes without corresponding single PDF/HTML:
  ‘ai-advisor.Rmd’
  ‘automated-reports.Rmd’
  ‘cross-sectional-analysis.Rmd’
  ‘custom-models.Rmd’
  ‘custom-test-statistics.Rmd’
  ‘data-download.Rmd’
  ‘diagnostics-validation.Rmd’
  ‘factor-models-bhar.Rmd’
  ‘gallery.Rmd’
  ‘inference-robustness.Rmd’
  ‘intraday-event-study.Rmd’
  ‘introduction.Rmd’
  ‘modern-did-estimators.Rmd’
  ‘panel-event-study.Rmd’
  ‘result-extraction.Rmd’
  ‘simulation-power-analysis.Rmd’
  ‘synthetic-control.Rmd’
  ‘time-varying-models.Rmd’
  ‘volume-volatility-event-study.Rmd’
* checking running R code from vignettes ... SKIPPED
* checking re-building of vignette outputs ... SKIPPED
* checking PDF version of manual ... WARNING
LaTeX errors when creating PDF version.
This typically indicates Rd problems.
* checking PDF version of manual without index ... ERROR
Re-running with no redirection of stdout/stderr.
* checking HTML version of manual ... NOTE
Skipping checking HTML validation: no command 'tidy' found.
Please obtain a recent version of HTML Tidy by downloading a binary
release or compiling the source code from <https://www.html-tidy.org/>.
Skipping checking math rendering: package 'V8' unavailable
* checking for non-standard things in the check directory ... NOTE
Found the following files/directories:
  ‘EventStudy-manual.tex’
* checking for detritus in the temp directory ... OK
* DONE
Status: 1 ERROR, 3 WARNINGs, 4 NOTEs
